src/lib/cart-repository.ts(358,16): error TS2393: Duplicate function implementation.
src/lib/cart-repository.ts(380,19): error TS18047: 'cartItem.cart' is possibly 'null'.
src/lib/cart-repository.ts(383,22): error TS18047: 'cartItem.cart' is possibly 'null'.
src/lib/cart-repository.ts(395,16): error TS2393: Duplicate function implementation.
src/lib/cart-repository.ts(450,9): error TS2304: Cannot find name 'userId'.
src/lib/cart-repository.ts(452,9): error TS18004: No value exists in scope for the shorthand property 'userId'. Either declare one or provide an initializer.
src/lib/cart-repository.ts(453,35): error TS2339: Property 'productId' does not exist on type '{ cartItem: { id: string; cartId: string; productId: string; productVariantId: string; quantity: number; unitPrice: string; currency: string; createdAt: Date; updatedAt: Date; }; product: { ...; } | null; category: { ...; } | null; variant: { ...; } | null; }[]'.
src/lib/cart-repository.ts(457,11): error TS18004: No value exists in scope for the shorthand property 'quantity'. Either declare one or provide an initializer.
src/lib/cart-repository.ts(462,12): error TS2304: Cannot find name 'result'.
src/lib/cart-repository.ts(468,16): error TS2393: Duplicate function implementation.
src/lib/cart-repository.ts(517,16): error TS2393: Duplicate function implementation.
src/lib/category-repository.ts(4,47): error TS6133: 'desc' is declared but its value is never read.
src/lib/db-utils.ts(10,3): error TS6133: 'count' is declared but its value is never read.
src/lib/db-utils.ts(37,53): error TS2769: No overload matches this call.
  Overload 1 of 2, '(value: { name: string | SQL<unknown> | Placeholder<string, any>; slug: string | SQL<unknown> | Placeholder<string, any>; description: string | SQL<unknown> | Placeholder<...>; ... 33 more ...; attributes?: unknown; }): PgInsertBase<...>', gave the following error.
    Argument of type '{ basePrice: string; price: string; name: string; slug: string; description: string; isActive: boolean; currency: string; tags: string[]; categoryId: string; images: string[]; isFeatured: boolean; isNewArrival: boolean; ... 10 more ...; dimensions?: { ...; } | ... 1 more ... | undefined; }' is not assignable to parameter of type '{ name: string | SQL<unknown> | Placeholder<string, any>; slug: string | SQL<unknown> | Placeholder<string, any>; description: string | SQL<unknown> | Placeholder<...>; ... 33 more ...; attributes?: unknown; }'.
      Types of property 'discountPrice' are incompatible.
        Type 'number | null | undefined' is not assignable to type 'string | SQL<unknown> | Placeholder<string, any> | null | undefined'.
          Type 'number' is not assignable to type 'string | SQL<unknown> | Placeholder<string, any> | null | undefined'.
  Overload 2 of 2, '(values: { name: string | SQL<unknown> | Placeholder<string, any>; slug: string | SQL<unknown> | Placeholder<string, any>; description: string | SQL<unknown> | Placeholder<...>; ... 33 more ...; attributes?: unknown; }[]): PgInsertBase<...>', gave the following error.
    Argument of type '{ basePrice: string; price: string; name: string; slug: string; description: string; isActive: boolean; currency: string; tags: string[]; categoryId: string; images: string[]; isFeatured: boolean; isNewArrival: boolean; ... 10 more ...; dimensions?: { ...; } | ... 1 more ... | undefined; }' is not assignable to parameter of type '{ name: string | SQL<unknown> | Placeholder<string, any>; slug: string | SQL<unknown> | Placeholder<string, any>; description: string | SQL<unknown> | Placeholder<...>; ... 33 more ...; attributes?: unknown; }[]'.
      Type '{ basePrice: string; price: string; name: string; slug: string; description: string; isActive: boolean; currency: string; tags: string[]; categoryId: string; images: string[]; isFeatured: boolean; isNewArrival: boolean; ... 10 more ...; dimensions?: { ...; } | ... 1 more ... | undefined; }' is missing the following properties from type '{ name: string | SQL<unknown> | Placeholder<string, any>; slug: string | SQL<unknown> | Placeholder<string, any>; description: string | SQL<unknown> | Placeholder<...>; ... 33 more ...; attributes?: unknown; }[]': length, pop, push, concat, and 29 more.
src/lib/db-utils.ts(113,50): error TS2345: Argument of type '{ name?: string | undefined; slug?: string | undefined; description?: string | undefined; isActive?: boolean | undefined; currency?: string | undefined; tags?: string[] | undefined; brandId?: string | ... 1 more ... | undefined; ... 14 more ...; dimensions?: { ...; } | ... 1 more ... | undefined; }' is not assignable to parameter of type '{ name?: string | SQL<unknown> | PgColumn<ColumnBaseConfig<ColumnDataType, string>, {}, {}> | undefined; slug?: string | SQL<unknown> | PgColumn<...> | undefined; ... 34 more ...; attributes?: unknown; }'.
  Types of property 'price' are incompatible.
    Type 'number | undefined' is not assignable to type 'string | SQL<unknown> | PgColumn<ColumnBaseConfig<ColumnDataType, string>, {}, {}> | null | undefined'.
      Type 'number' is not assignable to type 'string | SQL<unknown> | PgColumn<ColumnBaseConfig<ColumnDataType, string>, {}, {}> | null | undefined'.
src/lib/db-utils.ts(294,10): error TS6133: 'ordersData' is declared but its value is never read.
src/lib/db-utils.ts(306,11): error TS2304: Cannot find name 'ordersResult'.
src/lib/email-templates.ts(413,32): error TS2339: Property 'toFixed' does not exist on type 'string | 0'.
  Property 'toFixed' does not exist on type 'string'.
src/lib/init-db.ts(1,33): error TS2307: Cannot find module './auto-seed' or its corresponding type declarations.
src/lib/order-repository.ts(3,69): error TS6133: 'addresses' is declared but its value is never read.
src/lib/order-repository.ts(221,16): error TS2304: Cannot find name 'transformOrderWithItems'.
src/lib/order-repository.ts(268,16): error TS2304: Cannot find name 'transformOrderWithItems'.
src/lib/order-repository.ts(315,32): error TS2339: Property 'items' does not exist on type '{ id: string; orderNumber: string; userId: string | null; cartId: string | null; status: string; paymentStatus: string; fulfillmentStatus: string; subtotal: string; taxTotal: string; shippingTotal: string; ... 8 more ...; updatedAt: Date; }'.
src/lib/order-repository.ts(390,12): error TS2304: Cannot find name 'transformOrderWithItems'.
src/lib/order-repository.ts(417,16): error TS2304: Cannot find name 'transformOrderWithItems'.
src/lib/order-repository.ts(472,16): error TS2304: Cannot find name 'transformOrderWithItems'.
src/lib/order-repository.ts(511,16): error TS2304: Cannot find name 'transformOrderWithItems'.
